FILE_TYPE=LIBRARY_PARTS;
PRIMITIVE 'SRP7030CA_4R7M','SRP7030CA_4R7M_Other';
  PIN
    '1':
      PIN_NUMBER='(1)';
      NO_LOAD_CHECK=BOTH;
      NO_IO_CHECK=BOTH;
      ALLOW_CONNECT=TRUE;
      PINUSE='UNSPEC';
    '2':
      PIN_NUMBER='(2)';
      NO_LOAD_CHECK=BOTH;
      NO_IO_CHECK=BOTH;
      ALLOW_CONNECT=TRUE;
      PINUSE='UNSPEC';
  END_PIN;
  BODY
    PART_NAME='SRP7030CA_4R7M';
    PHYS_DES_PREFIX='IC';
    NO_LOAD_CHECK='TRUE';
    PIN_COUNT='2';
    BODY_NAME='SRP7030CA_4R7M';
    JEDEC_TYPE='SRP7030CA2R2M';
  END_BODY;
END_PRIMITIVE;
END.
