FILE_TYPE=LIBRARY_PARTS;
PRIMITIVE 'APTF1616LSEKJ3ZGKQBC','APTF1616LSEKJ3ZGKQBC_Other';
  PIN
    'COMMON_CATHODE':
      PIN_NUMBER='(1)';
      NO_LOAD_CHECK=BOTH;
      NO_IO_CHECK=BOTH;
      ALLOW_CONNECT=TRUE;
      PINUSE='UNSPEC';
    'ANODE_1':
      PIN_NUMBER='(2)';
      NO_LOAD_CHECK=BOTH;
      NO_IO_CHECK=BOTH;
      ALLOW_CONNECT=TRUE;
      PINUSE='UNSPEC';
    'ANODE_2':
      PIN_NUMBER='(3)';
      NO_LOAD_CHECK=BOTH;
      NO_IO_CHECK=BOTH;
      ALLOW_CONNECT=TRUE;
      PINUSE='UNSPEC';
    'ANODE_3':
      PIN_NUMBER='(4)';
      NO_LOAD_CHECK=BOTH;
      NO_IO_CHECK=BOTH;
      ALLOW_CONNECT=TRUE;
      PINUSE='UNSPEC';
  END_PIN;
  BODY
    PART_NAME='APTF1616LSEKJ3ZGKQBC';
    PHYS_DES_PREFIX='LED';
    NO_LOAD_CHECK='TRUE';
    PIN_COUNT='4';
    BODY_NAME='APTF1616LSEKJ3ZGKQBC';
    JEDEC_TYPE='APTF1616LSEKJ3ZGKQBC';
  END_BODY;
END_PRIMITIVE;
END.
