FILE_TYPE=LIBRARY_PARTS;
PRIMITIVE 'EEH_ZA1V680XP','EEH_ZA1V680XP_Other';
  PIN
    '+':
      PIN_NUMBER='(1)';
      NO_LOAD_CHECK=BOTH;
      NO_IO_CHECK=BOTH;
      ALLOW_CONNECT=TRUE;
      PINUSE='UNSPEC';
    '-':
      PIN_NUMBER='(2)';
      NO_LOAD_CHECK=BOTH;
      NO_IO_CHECK=BOTH;
      ALLOW_CONNECT=TRUE;
      PINUSE='UNSPEC';
  END_PIN;
  BODY
    PART_NAME='EEH_ZA1V680XP';
    PHYS_DES_PREFIX='C';
    NO_LOAD_CHECK='TRUE';
    PIN_COUNT='2';
    BODY_NAME='EEH_ZA1V680XP';
    JEDEC_TYPE='EEHZA1E101XP';
  END_BODY;
END_PRIMITIVE;
END.
