FILE_TYPE=LIBRARY_PARTS;
PRIMITIVE 'LQH3NPN4R7MMEL','LQH3NPN4R7MMEL_Other';
  PIN
    '1':
      PIN_NUMBER='(1)';
      NO_LOAD_CHECK=BOTH;
      NO_IO_CHECK=BOTH;
      ALLOW_CONNECT=TRUE;
      PINUSE='UNSPEC';
    '2':
      PIN_NUMBER='(2)';
      NO_LOAD_CHECK=BOTH;
      NO_IO_CHECK=BOTH;
      ALLOW_CONNECT=TRUE;
      PINUSE='UNSPEC';
  END_PIN;
  BODY
    PART_NAME='LQH3NPN4R7MMEL';
    PHYS_DES_PREFIX='L';
    NO_LOAD_CHECK='TRUE';
    PIN_COUNT='2';
    BODY_NAME='LQH3NPN4R7MMEL';
    JEDEC_TYPE='LQH3NPN100MMEL';
  END_BODY;
END_PRIMITIVE;
END.
