FILE_TYPE=LIBRARY_PARTS;
PRIMITIVE 'AD_85F4CR','AD_85F4CR_Other';
  PIN
    '+':
      PIN_NUMBER='(1)';
      NO_LOAD_CHECK=BOTH;
      NO_IO_CHECK=BOTH;
      ALLOW_CONNECT=TRUE;
      PINUSE='UNSPEC';
    '-':
      PIN_NUMBER='(2)';
      NO_LOAD_CHECK=BOTH;
      NO_IO_CHECK=BOTH;
      ALLOW_CONNECT=TRUE;
      PINUSE='UNSPEC';
    'DUMMY':
      PIN_NUMBER='(3)';
      NO_LOAD_CHECK=BOTH;
      NO_IO_CHECK=BOTH;
      ALLOW_CONNECT=TRUE;
      PINUSE='UNSPEC';
  END_PIN;
  BODY
    PART_NAME='AD_85F4CR';
    PHYS_DES_PREFIX='LS';
    NO_LOAD_CHECK='TRUE';
    PIN_COUNT='3';
    BODY_NAME='AD_85F4CR';
    JEDEC_TYPE='AD85F4CR';
  END_BODY;
END_PRIMITIVE;
END.
