FILE_TYPE=LIBRARY_PARTS;
PRIMITIVE '0157010.DR','0157010.DR_Other';
  PIN
    '1':
      PIN_NUMBER='(1)';
      NO_LOAD_CHECK=BOTH;
      NO_IO_CHECK=BOTH;
      ALLOW_CONNECT=TRUE;
      PINUSE='UNSPEC';
    '2':
      PIN_NUMBER='(2)';
      NO_LOAD_CHECK=BOTH;
      NO_IO_CHECK=BOTH;
      ALLOW_CONNECT=TRUE;
      PINUSE='UNSPEC';
  END_PIN;
  BODY
    PART_NAME='0157010.DR';
    PHYS_DES_PREFIX='F';
    NO_LOAD_CHECK='TRUE';
    PIN_COUNT='2';
    BODY_NAME='0157010.DR';
    JEDEC_TYPE='0157010DR';
  END_BODY;
END_PRIMITIVE;
END.
